[
  {
    "AVERAGE_COST": 30.0,
    "AVERAGE_PASSENGER_COUNT": 2.5,
    "AVERAGE_DISTANCE": 3.6
  }
]